<html>
<body>
<pre>
<h1>µVision Build Log</h1>
<h2>Tool Versions:</h2>
IDE-Version: ¦ÌVision V5.29.0.0
Copyright (C) 2019 ARM Ltd and ARM Germany GmbH. All rights reserved.
License Information: Mudrobot 2604932485@qq.com,   , LIC=EXJT4-F3XYT-Y8YFK-ZNEJV-65JIT-2ET3F
 
Tool Versions:
Toolchain:       MDK-ARM Plus  Version: 5.29.0.0
Toolchain Path:  D:\App\MDK5\Core\ARM\ARMCC\Bin
C Compiler:      Armcc.exe V5.06 update 6 (build 750)
Assembler:       Armasm.exe V5.06 update 6 (build 750)
Linker/Locator:  ArmLink.exe V5.06 update 6 (build 750)
Library Manager: ArmAr.exe V5.06 update 6 (build 750)
Hex Converter:   FromElf.exe V5.06 update 6 (build 750)
CPU DLL:         SARMCM3.DLL V5.29.0.0
Dialog DLL:      DCM.DLL V1.17.3.0
Target DLL:      STLink\ST-LINKIII-KEIL_SWO.dll V3.0.7.0
Dialog DLL:      TCM.DLL V1.36.5.0
 
<h2>Project:</h2>
E:\CodeField\STM32 Project\Nixie Clock\USER\PWM.uvprojx
Project File Date:  08/14/2021

<h2>Output:</h2>
*** Using Compiler 'V5.06 update 6 (build 750)', folder: 'D:\App\MDK5\Core\ARM\ARMCC\Bin'
Rebuild target 'PWM'
assembling startup_stm32f40_41xxx.s...
compiling stm32f4xx_gpio.c...
compiling misc.c...
compiling delay.c...
compiling sys.c...
compiling system_stm32f4xx.c...
compiling stm32f4xx_it.c...
compiling stm32f4xx_usart.c...
compiling pwm.c...
compiling led.c...
compiling rtc.c...
compiling usart.c...
compiling main.c...
compiling test.c...
compiling lcd.c...
compiling NixieTube.c...
compiling stm32f4xx_syscfg.c...
compiling stm32f4xx_tim.c...
compiling stm32f4xx_exti.c...
compiling stm32f4xx_sdio.c...
compiling stm32f4xx_flash_ramfunc.c...
compiling stm32f4xx_fsmc.c...
compiling stm32f4xx_rng.c...
compiling stm32f4xx_i2c.c...
compiling stm32f4xx_rcc.c...
compiling stm32f4xx_spi.c...
compiling stm32f4xx_pwr.c...
compiling stm32f4xx_ltdc.c...
compiling stm32f4xx_rtc.c...
compiling stm32f4xx_flash.c...
compiling usmart.c...
compiling usmart_config.c...
compiling usmart_str.c...
linking...
Program Size: Code=57654 RO-data=6934 RW-data=392 ZI-data=1848  
FromELF: creating hex file...
"..\OBJ\PWM.axf" - 0 Error(s), 0 Warning(s).

<h2>Software Packages used:</h2>

Package Vendor: Keil
                http://www.keil.com/pack/Keil.STM32F4xx_DFP.2.14.0.pack
                Keil.STM32F4xx_DFP.2.14.0
                STMicroelectronics STM32F4 Series Device Support, Drivers and Examples

<h2>Collection of Component include folders:</h2>
  .\RTE\_PWM
  D:\App\MDK5\Pack\Keil\STM32F4xx_DFP\2.14.0\Drivers\CMSIS\Device\ST\STM32F4xx\Include

<h2>Collection of Component Files used:</h2>
Build Time Elapsed:  00:00:05
</pre>
</body>
</html>
